// Jest Snapshot v1, https://goo.gl/fbAQLP

exports[`pullRequest() adds netlify comment for monorepo PRs 1`] = `
"Deploy previews:

- [Website (English)](https://deploy-preview-11--en-evans.netlify.app)
- [Website (Spanish)](https://deploy-preview-11--es-evans.netlify.app)
- [Online Editor](https://deploy-preview-11--flp-editor.netlify.app)
- [Styleguide](https://deploy-preview-11--flp-styleguide.netlify.app)
- [Covers](https://deploy-preview-11--flp-covers.netlify.app)
- [Storybook](https://deploy-preview-11--flp-storybook.netlify.app)"
`;
